package/MDAnalysis/core/selection\.py
| package/MDAnalysis/analysis/atomicdistances\.py
| package/MDAnalysis/topology/CMSParser\.py
| package/MDAnalysis/topology/__init__\.py
| package/MDAnalysis/coordinates/XDR\.py
| package/MDAnalysis/core/selection\.py
| package/MDAnalysis/analysis/diffusionmap\.py
| package/MDAnalysis/analysis/align\.py
| package/MDAnalysis/lib/_distopia\.py
| package/MDAnalysis/lib/distances\.py
| package/MDAnalysis/analysis/dasktimeseries\.py
| package/MDAnalysis/coordinates/H5MD\.py
| package/MDAnalysis/coordinates/MMCIF\.py
| package/MDAnalysis/coordinates/__init__\.py
| package/MDAnalysis/topology/MMCIFParser\.py
| package/MDAnalysis/topology/PDBParser\.py
| package/MDAnalysis/topology/__init__\.py
| package/MDAnalysis/topology/tpr/utils\.py
| package/MDAnalysis/coordinates/CIF\.py
| package/MDAnalysis/coordinates/PDBx\.py
| package/MDAnalysis/coordinates/__init__\.py
| package/MDAnalysis/topology/PDBxParser\.py
| package/MDAnalysis/topology/__init__\.py
| package/MDAnalysis/coordinates/base\.py
| package/MDAnalysis/core/universe\.py
| package/MDAnalysis/topology/base\.py
| package/MDAnalysis/analysis/hydrogenbonds/hbond_analysis\.py
| package/MDAnalysis/analysis/sasa\.py
| package/MDAnalysis/coordinates/DCD\.py
| package/MDAnalysis/coordinates/DLPoly\.py
| package/MDAnalysis/coordinates/GMS\.py
| package/MDAnalysis/coordinates/MOL2\.py
| package/MDAnalysis/coordinates/PDB\.py
| package/MDAnalysis/coordinates/TRJ\.py
| package/MDAnalysis/coordinates/TRR\.py
| package/MDAnalysis/coordinates/TRZ\.py
| package/MDAnalysis/coordinates/TXYZ\.py
| package/MDAnalysis/coordinates/XTC\.py
| package/MDAnalysis/coordinates/XYZ\.py
| package/MDAnalysis/coordinates/base\.py
| package/MDAnalysis/coordinates/chain\.py
| package/MDAnalysis/coordinates/chemfiles\.py
| package/MDAnalysis/coordinates/memory\.py
| package/MDAnalysis/core/universe\.py
